2026-03-31 19:59:37,592 - INFO - ======================================================================
2026-03-31 19:59:37,593 - INFO - BATCH BMP TO TIFF CONVERTER
2026-03-31 19:59:37,593 - INFO - ======================================================================
2026-03-31 19:59:37,594 - INFO - Input paths: "C:\Users\HP\OneDrive\2026\Al Graphene\Sreearavind data\MIcrostructure\Microstrcutre 100\1", "C:\Users\HP\OneDrive\2026\Al Graphene\Sreearavind data\MIcrostructure\Microstrcutre 100\2", "C:\Users\HP\OneDrive\2026\Al Graphene\Sreearavind data\MIcrostructure\Microstrcutre 100\3", "C:\Users\HP\OneDrive\2026\Al Graphene\Sreearavind data\MIcrostructure\Microstrcutre 100\4", "C:\Users\HP\OneDrive\2026\Al Graphene\Sreearavind data\MIcrostructure\Microstrcutre 100\5", "C:\Users\HP\OneDrive\2026\Al Graphene\Sreearavind data\MIcrostructure\Microstrcutre 100\6", "C:\Users\HP\OneDrive\2026\Al Graphene\Sreearavind data\MIcrostructure\Microstrcutre 100\7", "C:\Users\HP\OneDrive\2026\Al Graphene\Sreearavind data\MIcrostructure\Microstrcutre 100\8", "C:\Users\HP\OneDrive\2026\Al Graphene\Sreearavind data\MIcrostructure\Microstrcutre 100\9", "C:\Users\HP\OneDrive\2026\Al Graphene\Sreearavind data\MIcrostructure\Microstrcutre 100\10", "C:\Users\HP\OneDrive\2026\Al Graphene\Sreearavind data\MIcrostructure\Microstrcutre 100\11", "C:\Users\HP\OneDrive\2026\Al Graphene\Sreearavind data\MIcrostructure\Microstrcutre 100\12"
2026-03-31 19:59:40,116 - INFO - Output directory: C:\Users\HP\PycharmProjects\Microstructure\"C:\Users\HP\PycharmProjects\Microstructure\Optical microstructure"
2026-03-31 19:59:40,116 - INFO - Preserve structure: True
2026-03-31 19:59:40,116 - INFO - Recursive search: True
2026-03-31 19:59:40,116 - INFO - Compression: tiff_lzw
2026-03-31 19:59:40,116 - INFO - DPI: 300
2026-03-31 19:59:40,116 - INFO - ----------------------------------------------------------------------
2026-03-31 19:59:40,470 - WARNING - Path does not exist: "C:\Users\HP\OneDrive\2026\Al Graphene\Sreearavind data\MIcrostructure\Microstrcutre 100\1"
2026-03-31 19:59:40,470 - WARNING - Path does not exist: "C:\Users\HP\OneDrive\2026\Al Graphene\Sreearavind data\MIcrostructure\Microstrcutre 100\2"
2026-03-31 19:59:40,470 - WARNING - Path does not exist: "C:\Users\HP\OneDrive\2026\Al Graphene\Sreearavind data\MIcrostructure\Microstrcutre 100\3"
2026-03-31 19:59:40,470 - WARNING - Path does not exist: "C:\Users\HP\OneDrive\2026\Al Graphene\Sreearavind data\MIcrostructure\Microstrcutre 100\4"
2026-03-31 19:59:40,471 - WARNING - Path does not exist: "C:\Users\HP\OneDrive\2026\Al Graphene\Sreearavind data\MIcrostructure\Microstrcutre 100\5"
2026-03-31 19:59:40,471 - WARNING - Path does not exist: "C:\Users\HP\OneDrive\2026\Al Graphene\Sreearavind data\MIcrostructure\Microstrcutre 100\6"
2026-03-31 19:59:40,471 - WARNING - Path does not exist: "C:\Users\HP\OneDrive\2026\Al Graphene\Sreearavind data\MIcrostructure\Microstrcutre 100\7"
2026-03-31 19:59:40,472 - WARNING - Path does not exist: "C:\Users\HP\OneDrive\2026\Al Graphene\Sreearavind data\MIcrostructure\Microstrcutre 100\8"
2026-03-31 19:59:40,472 - WARNING - Path does not exist: "C:\Users\HP\OneDrive\2026\Al Graphene\Sreearavind data\MIcrostructure\Microstrcutre 100\9"
2026-03-31 19:59:40,472 - WARNING - Path does not exist: "C:\Users\HP\OneDrive\2026\Al Graphene\Sreearavind data\MIcrostructure\Microstrcutre 100\10"
2026-03-31 19:59:40,473 - WARNING - Path does not exist: "C:\Users\HP\OneDrive\2026\Al Graphene\Sreearavind data\MIcrostructure\Microstrcutre 100\11"
2026-03-31 19:59:40,473 - WARNING - Path does not exist: "C:\Users\HP\OneDrive\2026\Al Graphene\Sreearavind data\MIcrostructure\Microstrcutre 100\12"
2026-03-31 19:59:40,473 - WARNING - No BMP files found in the specified paths!
2026-03-31 20:01:30,790 - INFO - ======================================================================
2026-03-31 20:01:30,791 - INFO - BATCH BMP TO TIFF CONVERTER
2026-03-31 20:01:30,791 - INFO - ======================================================================
2026-03-31 20:01:30,791 - INFO - Input paths: C:\Users\HP\OneDrive\2026\Al Graphene\Sreearavind data\MIcrostructure\Microstrcutre 100\1
2026-03-31 20:01:30,792 - INFO - Output directory: C:\Users\HP\PycharmProjects\Microstructure\Optical microstructure
2026-03-31 20:01:30,793 - INFO - Preserve structure: True
2026-03-31 20:01:30,793 - INFO - Recursive search: True
2026-03-31 20:01:30,793 - INFO - Compression: tiff_lzw
2026-03-31 20:01:30,794 - INFO - DPI: 300
2026-03-31 20:01:30,794 - INFO - ----------------------------------------------------------------------
2026-03-31 20:01:30,857 - INFO - Found 3 BMP file(s) to convert
2026-03-31 20:01:30,857 - INFO - 
[1/3] Processing: C:\Users\HP\OneDrive\2026\Al Graphene\Sreearavind data\MIcrostructure\Microstrcutre 100\1\100x1.bmp
2026-03-31 20:01:43,350 - INFO - 
[2/3] Processing: C:\Users\HP\OneDrive\2026\Al Graphene\Sreearavind data\MIcrostructure\Microstrcutre 100\1\100x2.bmp
2026-03-31 20:01:43,651 - INFO - 
[3/3] Processing: C:\Users\HP\OneDrive\2026\Al Graphene\Sreearavind data\MIcrostructure\Microstrcutre 100\1\100x3.bmp
2026-03-31 20:01:44,606 - INFO - 
======================================================================
2026-03-31 20:01:44,607 - INFO - CONVERSION SUMMARY
2026-03-31 20:01:44,607 - INFO - ======================================================================
2026-03-31 20:01:44,607 - INFO - Total files found: 3
2026-03-31 20:01:44,607 - INFO - Successfully converted: 3
2026-03-31 20:01:44,608 - INFO - Failed: 0
2026-03-31 20:01:44,608 - INFO - Skipped (already exist): 0
2026-03-31 20:01:44,608 - INFO - Output directory: C:\Users\HP\PycharmProjects\Microstructure\Optical microstructure
2026-03-31 20:01:44,693 - INFO - Statistics saved to: C:\Users\HP\PycharmProjects\Microstructure\Optical microstructure\conversion_statistics.csv
2026-03-31 20:08:19,311 - INFO - ======================================================================
2026-03-31 20:08:19,335 - INFO - BATCH BMP TO TIFF CONVERTER
2026-03-31 20:08:19,335 - INFO - ======================================================================
2026-03-31 20:08:19,335 - INFO - Input paths: C:\Users\HP\OneDrive\2026\Al Graphene\Sreearavind data\MIcrostructure\Microstrcutre 100
2026-03-31 20:08:19,335 - INFO - Output directory: C:\Users\HP\PycharmProjects\Microstructure\Optical microstructure
2026-03-31 20:08:19,335 - INFO - Preserve structure: True
2026-03-31 20:08:19,336 - INFO - Recursive search: True
2026-03-31 20:08:19,336 - INFO - Compression: tiff_lzw
2026-03-31 20:08:19,336 - INFO - DPI: 300
2026-03-31 20:08:19,336 - INFO - ----------------------------------------------------------------------
2026-03-31 20:08:19,485 - INFO - Found 36 BMP file(s) to convert
2026-03-31 20:08:19,486 - INFO - 
[1/36] Processing: C:\Users\HP\OneDrive\2026\Al Graphene\Sreearavind data\MIcrostructure\Microstrcutre 100\1\100x1.bmp
2026-03-31 20:08:21,160 - INFO - 
[2/36] Processing: C:\Users\HP\OneDrive\2026\Al Graphene\Sreearavind data\MIcrostructure\Microstrcutre 100\1\100x2.bmp
2026-03-31 20:08:21,458 - INFO - 
[3/36] Processing: C:\Users\HP\OneDrive\2026\Al Graphene\Sreearavind data\MIcrostructure\Microstrcutre 100\1\100x3.bmp
2026-03-31 20:08:21,647 - INFO - 
[4/36] Processing: C:\Users\HP\OneDrive\2026\Al Graphene\Sreearavind data\MIcrostructure\Microstrcutre 100\10\100x1.bmp
2026-03-31 20:08:21,963 - INFO - 
[5/36] Processing: C:\Users\HP\OneDrive\2026\Al Graphene\Sreearavind data\MIcrostructure\Microstrcutre 100\10\100x2.bmp
2026-03-31 20:08:22,304 - INFO - 
[6/36] Processing: C:\Users\HP\OneDrive\2026\Al Graphene\Sreearavind data\MIcrostructure\Microstrcutre 100\10\100x3.bmp
2026-03-31 20:08:22,822 - INFO - 
[7/36] Processing: C:\Users\HP\OneDrive\2026\Al Graphene\Sreearavind data\MIcrostructure\Microstrcutre 100\11\100x1.bmp
2026-03-31 20:08:23,715 - INFO - 
[8/36] Processing: C:\Users\HP\OneDrive\2026\Al Graphene\Sreearavind data\MIcrostructure\Microstrcutre 100\11\100x2.bmp
2026-03-31 20:08:24,433 - INFO - 
[9/36] Processing: C:\Users\HP\OneDrive\2026\Al Graphene\Sreearavind data\MIcrostructure\Microstrcutre 100\11\100x3.bmp
2026-03-31 20:08:25,423 - INFO - 
[10/36] Processing: C:\Users\HP\OneDrive\2026\Al Graphene\Sreearavind data\MIcrostructure\Microstrcutre 100\12\100x1.bmp
2026-03-31 20:08:25,640 - INFO - 
[11/36] Processing: C:\Users\HP\OneDrive\2026\Al Graphene\Sreearavind data\MIcrostructure\Microstrcutre 100\12\100x2.bmp
2026-03-31 20:08:26,150 - INFO - 
[12/36] Processing: C:\Users\HP\OneDrive\2026\Al Graphene\Sreearavind data\MIcrostructure\Microstrcutre 100\12\100x3.bmp
2026-03-31 20:08:26,610 - INFO - 
[13/36] Processing: C:\Users\HP\OneDrive\2026\Al Graphene\Sreearavind data\MIcrostructure\Microstrcutre 100\2\100x1.bmp
2026-03-31 20:08:26,904 - INFO - 
[14/36] Processing: C:\Users\HP\OneDrive\2026\Al Graphene\Sreearavind data\MIcrostructure\Microstrcutre 100\2\100x2.bmp
2026-03-31 20:08:27,179 - INFO - 
[15/36] Processing: C:\Users\HP\OneDrive\2026\Al Graphene\Sreearavind data\MIcrostructure\Microstrcutre 100\2\100x3.bmp
2026-03-31 20:08:27,917 - INFO - 
[16/36] Processing: C:\Users\HP\OneDrive\2026\Al Graphene\Sreearavind data\MIcrostructure\Microstrcutre 100\3\100x1.bmp
2026-03-31 20:08:28,122 - INFO - 
[17/36] Processing: C:\Users\HP\OneDrive\2026\Al Graphene\Sreearavind data\MIcrostructure\Microstrcutre 100\3\100x2.bmp
2026-03-31 20:08:28,818 - INFO - 
[18/36] Processing: C:\Users\HP\OneDrive\2026\Al Graphene\Sreearavind data\MIcrostructure\Microstrcutre 100\3\100x3.bmp
2026-03-31 20:08:29,609 - INFO - 
[19/36] Processing: C:\Users\HP\OneDrive\2026\Al Graphene\Sreearavind data\MIcrostructure\Microstrcutre 100\4\100x1.bmp
2026-03-31 20:08:30,695 - INFO - 
[20/36] Processing: C:\Users\HP\OneDrive\2026\Al Graphene\Sreearavind data\MIcrostructure\Microstrcutre 100\4\100x2.bmp
2026-03-31 20:08:31,183 - INFO - 
[21/36] Processing: C:\Users\HP\OneDrive\2026\Al Graphene\Sreearavind data\MIcrostructure\Microstrcutre 100\4\100x3.bmp
2026-03-31 20:08:32,278 - INFO - 
[22/36] Processing: C:\Users\HP\OneDrive\2026\Al Graphene\Sreearavind data\MIcrostructure\Microstrcutre 100\5\100x1.bmp
2026-03-31 20:08:33,029 - INFO - 
[23/36] Processing: C:\Users\HP\OneDrive\2026\Al Graphene\Sreearavind data\MIcrostructure\Microstrcutre 100\5\100x2.bmp
2026-03-31 20:08:33,576 - INFO - 
[24/36] Processing: C:\Users\HP\OneDrive\2026\Al Graphene\Sreearavind data\MIcrostructure\Microstrcutre 100\5\100x3.bmp
2026-03-31 20:08:33,927 - INFO - 
[25/36] Processing: C:\Users\HP\OneDrive\2026\Al Graphene\Sreearavind data\MIcrostructure\Microstrcutre 100\6\100x1.bmp
2026-03-31 20:08:34,809 - INFO - 
[26/36] Processing: C:\Users\HP\OneDrive\2026\Al Graphene\Sreearavind data\MIcrostructure\Microstrcutre 100\6\100x2.bmp
2026-03-31 20:08:35,217 - INFO - 
[27/36] Processing: C:\Users\HP\OneDrive\2026\Al Graphene\Sreearavind data\MIcrostructure\Microstrcutre 100\6\100x3.bmp
2026-03-31 20:08:35,611 - INFO - 
[28/36] Processing: C:\Users\HP\OneDrive\2026\Al Graphene\Sreearavind data\MIcrostructure\Microstrcutre 100\7\100x1.bmp
2026-03-31 20:08:35,959 - INFO - 
[29/36] Processing: C:\Users\HP\OneDrive\2026\Al Graphene\Sreearavind data\MIcrostructure\Microstrcutre 100\7\100x2.bmp
2026-03-31 20:08:36,250 - INFO - 
[30/36] Processing: C:\Users\HP\OneDrive\2026\Al Graphene\Sreearavind data\MIcrostructure\Microstrcutre 100\7\100x3.bmp
2026-03-31 20:08:36,786 - INFO - 
[31/36] Processing: C:\Users\HP\OneDrive\2026\Al Graphene\Sreearavind data\MIcrostructure\Microstrcutre 100\8\100x1.bmp
2026-03-31 20:08:37,417 - INFO - 
[32/36] Processing: C:\Users\HP\OneDrive\2026\Al Graphene\Sreearavind data\MIcrostructure\Microstrcutre 100\8\100x2.bmp
2026-03-31 20:08:38,033 - INFO - 
[33/36] Processing: C:\Users\HP\OneDrive\2026\Al Graphene\Sreearavind data\MIcrostructure\Microstrcutre 100\8\100x3.bmp
2026-03-31 20:08:38,315 - INFO - 
[34/36] Processing: C:\Users\HP\OneDrive\2026\Al Graphene\Sreearavind data\MIcrostructure\Microstrcutre 100\9\100x1.bmp
2026-03-31 20:08:38,861 - INFO - 
[35/36] Processing: C:\Users\HP\OneDrive\2026\Al Graphene\Sreearavind data\MIcrostructure\Microstrcutre 100\9\100x2.bmp
2026-03-31 20:08:39,814 - INFO - 
[36/36] Processing: C:\Users\HP\OneDrive\2026\Al Graphene\Sreearavind data\MIcrostructure\Microstrcutre 100\9\100x3.bmp
2026-03-31 20:08:40,450 - INFO - 
======================================================================
2026-03-31 20:08:40,539 - INFO - CONVERSION SUMMARY
2026-03-31 20:08:40,539 - INFO - ======================================================================
2026-03-31 20:08:40,539 - INFO - Total files found: 36
2026-03-31 20:08:40,539 - INFO - Successfully converted: 36
2026-03-31 20:08:40,539 - INFO - Failed: 0
2026-03-31 20:08:40,539 - INFO - Skipped (already exist): 0
2026-03-31 20:08:40,540 - INFO - Output directory: C:\Users\HP\PycharmProjects\Microstructure\Optical microstructure
2026-03-31 20:08:41,451 - INFO - Statistics saved to: C:\Users\HP\PycharmProjects\Microstructure\Optical microstructure\conversion_statistics.csv
2026-03-31 20:10:49,216 - INFO - ======================================================================
2026-03-31 20:10:49,216 - INFO - BATCH BMP TO TIFF CONVERTER
2026-03-31 20:10:49,217 - INFO - ======================================================================
2026-03-31 20:10:49,217 - INFO - Input paths: C:\Users\HP\OneDrive\2026\Al Graphene\Sreearavind data\MIcrostructure\Microstrcutre 200, C:\Users\HP\OneDrive\2026\Al Graphene\Sreearavind data\MIcrostructure\Microstrcutre 400
2026-03-31 20:10:49,217 - INFO - Output directory: C:\Users\HP\PycharmProjects\Microstructure\Optical microstructure
2026-03-31 20:10:49,218 - INFO - Preserve structure: True
2026-03-31 20:10:49,218 - INFO - Recursive search: True
2026-03-31 20:10:49,218 - INFO - Compression: tiff_lzw
2026-03-31 20:10:49,218 - INFO - DPI: 300
2026-03-31 20:10:49,218 - INFO - ----------------------------------------------------------------------
2026-03-31 20:10:49,270 - INFO - Found 72 BMP file(s) to convert
2026-03-31 20:10:49,270 - INFO - 
[1/72] Processing: C:\Users\HP\OneDrive\2026\Al Graphene\Sreearavind data\MIcrostructure\Microstrcutre 200\1\200x1.bmp
2026-03-31 20:10:49,696 - INFO - 
[2/72] Processing: C:\Users\HP\OneDrive\2026\Al Graphene\Sreearavind data\MIcrostructure\Microstrcutre 200\1\200x2.bmp
2026-03-31 20:10:49,932 - INFO - 
[3/72] Processing: C:\Users\HP\OneDrive\2026\Al Graphene\Sreearavind data\MIcrostructure\Microstrcutre 200\1\200x3.bmp
2026-03-31 20:10:50,243 - INFO - 
[4/72] Processing: C:\Users\HP\OneDrive\2026\Al Graphene\Sreearavind data\MIcrostructure\Microstrcutre 200\10\200x1.bmp
2026-03-31 20:10:50,248 - INFO - 
[5/72] Processing: C:\Users\HP\OneDrive\2026\Al Graphene\Sreearavind data\MIcrostructure\Microstrcutre 200\10\200x2.bmp
2026-03-31 20:10:50,251 - INFO - 
[6/72] Processing: C:\Users\HP\OneDrive\2026\Al Graphene\Sreearavind data\MIcrostructure\Microstrcutre 200\10\200x3.bmp
2026-03-31 20:10:50,254 - INFO - 
[7/72] Processing: C:\Users\HP\OneDrive\2026\Al Graphene\Sreearavind data\MIcrostructure\Microstrcutre 200\11\200x1.bmp
2026-03-31 20:10:50,259 - INFO - 
[8/72] Processing: C:\Users\HP\OneDrive\2026\Al Graphene\Sreearavind data\MIcrostructure\Microstrcutre 200\11\200x2.bmp
2026-03-31 20:10:50,262 - INFO - 
[9/72] Processing: C:\Users\HP\OneDrive\2026\Al Graphene\Sreearavind data\MIcrostructure\Microstrcutre 200\11\200x3.bmp
2026-03-31 20:10:50,264 - INFO - 
[10/72] Processing: C:\Users\HP\OneDrive\2026\Al Graphene\Sreearavind data\MIcrostructure\Microstrcutre 200\12\200x1.bmp
2026-03-31 20:10:50,266 - INFO - 
[11/72] Processing: C:\Users\HP\OneDrive\2026\Al Graphene\Sreearavind data\MIcrostructure\Microstrcutre 200\12\200x2.bmp
2026-03-31 20:10:50,269 - INFO - 
[12/72] Processing: C:\Users\HP\OneDrive\2026\Al Graphene\Sreearavind data\MIcrostructure\Microstrcutre 200\12\200x3.bmp
2026-03-31 20:10:50,271 - INFO - 
[13/72] Processing: C:\Users\HP\OneDrive\2026\Al Graphene\Sreearavind data\MIcrostructure\Microstrcutre 200\2\200x1.bmp
2026-03-31 20:10:50,273 - INFO - 
[14/72] Processing: C:\Users\HP\OneDrive\2026\Al Graphene\Sreearavind data\MIcrostructure\Microstrcutre 200\2\200x2.bmp
2026-03-31 20:10:50,276 - INFO - 
[15/72] Processing: C:\Users\HP\OneDrive\2026\Al Graphene\Sreearavind data\MIcrostructure\Microstrcutre 200\2\200x3.bmp
2026-03-31 20:10:50,279 - INFO - 
[16/72] Processing: C:\Users\HP\OneDrive\2026\Al Graphene\Sreearavind data\MIcrostructure\Microstrcutre 200\3\200x1.bmp
2026-03-31 20:10:50,281 - INFO - 
[17/72] Processing: C:\Users\HP\OneDrive\2026\Al Graphene\Sreearavind data\MIcrostructure\Microstrcutre 200\3\200x2.bmp
2026-03-31 20:10:50,283 - INFO - 
[18/72] Processing: C:\Users\HP\OneDrive\2026\Al Graphene\Sreearavind data\MIcrostructure\Microstrcutre 200\3\200x3.bmp
2026-03-31 20:10:50,286 - INFO - 
[19/72] Processing: C:\Users\HP\OneDrive\2026\Al Graphene\Sreearavind data\MIcrostructure\Microstrcutre 200\4\200x1.bmp
2026-03-31 20:10:50,287 - INFO - 
[20/72] Processing: C:\Users\HP\OneDrive\2026\Al Graphene\Sreearavind data\MIcrostructure\Microstrcutre 200\4\200x2.bmp
2026-03-31 20:10:50,291 - INFO - 
[21/72] Processing: C:\Users\HP\OneDrive\2026\Al Graphene\Sreearavind data\MIcrostructure\Microstrcutre 200\4\200x3.bmp
2026-03-31 20:10:50,293 - INFO - 
[22/72] Processing: C:\Users\HP\OneDrive\2026\Al Graphene\Sreearavind data\MIcrostructure\Microstrcutre 200\5\200x1.bmp
2026-03-31 20:10:50,294 - INFO - 
[23/72] Processing: C:\Users\HP\OneDrive\2026\Al Graphene\Sreearavind data\MIcrostructure\Microstrcutre 200\5\200x2.bmp
2026-03-31 20:10:50,298 - INFO - 
[24/72] Processing: C:\Users\HP\OneDrive\2026\Al Graphene\Sreearavind data\MIcrostructure\Microstrcutre 200\5\200x3.bmp
2026-03-31 20:10:50,299 - INFO - 
[25/72] Processing: C:\Users\HP\OneDrive\2026\Al Graphene\Sreearavind data\MIcrostructure\Microstrcutre 200\6\200x1.bmp
2026-03-31 20:10:50,301 - INFO - 
[26/72] Processing: C:\Users\HP\OneDrive\2026\Al Graphene\Sreearavind data\MIcrostructure\Microstrcutre 200\6\200x2.bmp
2026-03-31 20:10:50,302 - INFO - 
[27/72] Processing: C:\Users\HP\OneDrive\2026\Al Graphene\Sreearavind data\MIcrostructure\Microstrcutre 200\6\200x3.bmp
2026-03-31 20:10:50,304 - INFO - 
[28/72] Processing: C:\Users\HP\OneDrive\2026\Al Graphene\Sreearavind data\MIcrostructure\Microstrcutre 200\7\200x1.bmp
2026-03-31 20:10:50,305 - INFO - 
[29/72] Processing: C:\Users\HP\OneDrive\2026\Al Graphene\Sreearavind data\MIcrostructure\Microstrcutre 200\7\200x2.bmp
2026-03-31 20:10:50,307 - INFO - 
[30/72] Processing: C:\Users\HP\OneDrive\2026\Al Graphene\Sreearavind data\MIcrostructure\Microstrcutre 200\7\200x3.bmp
2026-03-31 20:10:50,309 - INFO - 
[31/72] Processing: C:\Users\HP\OneDrive\2026\Al Graphene\Sreearavind data\MIcrostructure\Microstrcutre 200\8\200x1.bmp
2026-03-31 20:10:50,310 - INFO - 
[32/72] Processing: C:\Users\HP\OneDrive\2026\Al Graphene\Sreearavind data\MIcrostructure\Microstrcutre 200\8\200x2.bmp
2026-03-31 20:10:50,311 - INFO - 
[33/72] Processing: C:\Users\HP\OneDrive\2026\Al Graphene\Sreearavind data\MIcrostructure\Microstrcutre 200\8\200x3.bmp
2026-03-31 20:10:50,313 - INFO - 
[34/72] Processing: C:\Users\HP\OneDrive\2026\Al Graphene\Sreearavind data\MIcrostructure\Microstrcutre 200\9\200x1.bmp
2026-03-31 20:10:50,314 - INFO - 
[35/72] Processing: C:\Users\HP\OneDrive\2026\Al Graphene\Sreearavind data\MIcrostructure\Microstrcutre 200\9\200x2.bmp
2026-03-31 20:10:50,316 - INFO - 
[36/72] Processing: C:\Users\HP\OneDrive\2026\Al Graphene\Sreearavind data\MIcrostructure\Microstrcutre 200\9\200x3.bmp
2026-03-31 20:10:50,317 - INFO - 
[37/72] Processing: C:\Users\HP\OneDrive\2026\Al Graphene\Sreearavind data\MIcrostructure\Microstrcutre 400\1\400x1.bmp
2026-03-31 20:10:50,602 - INFO - 
[38/72] Processing: C:\Users\HP\OneDrive\2026\Al Graphene\Sreearavind data\MIcrostructure\Microstrcutre 400\1\400x2.bmp
2026-03-31 20:10:50,992 - INFO - 
[39/72] Processing: C:\Users\HP\OneDrive\2026\Al Graphene\Sreearavind data\MIcrostructure\Microstrcutre 400\1\400x3.bmp
2026-03-31 20:10:51,676 - INFO - 
[40/72] Processing: C:\Users\HP\OneDrive\2026\Al Graphene\Sreearavind data\MIcrostructure\Microstrcutre 400\10\400x1.bmp
2026-03-31 20:10:51,677 - INFO - 
[41/72] Processing: C:\Users\HP\OneDrive\2026\Al Graphene\Sreearavind data\MIcrostructure\Microstrcutre 400\10\400x2.bmp
2026-03-31 20:10:51,679 - INFO - 
[42/72] Processing: C:\Users\HP\OneDrive\2026\Al Graphene\Sreearavind data\MIcrostructure\Microstrcutre 400\10\400x3.bmp
2026-03-31 20:10:51,680 - INFO - 
[43/72] Processing: C:\Users\HP\OneDrive\2026\Al Graphene\Sreearavind data\MIcrostructure\Microstrcutre 400\11\400x1.bmp
2026-03-31 20:10:51,682 - INFO - 
[44/72] Processing: C:\Users\HP\OneDrive\2026\Al Graphene\Sreearavind data\MIcrostructure\Microstrcutre 400\11\400x2.bmp
2026-03-31 20:10:51,684 - INFO - 
[45/72] Processing: C:\Users\HP\OneDrive\2026\Al Graphene\Sreearavind data\MIcrostructure\Microstrcutre 400\11\400x3.bmp
2026-03-31 20:10:51,686 - INFO - 
[46/72] Processing: C:\Users\HP\OneDrive\2026\Al Graphene\Sreearavind data\MIcrostructure\Microstrcutre 400\12\400x1.bmp
2026-03-31 20:10:51,688 - INFO - 
[47/72] Processing: C:\Users\HP\OneDrive\2026\Al Graphene\Sreearavind data\MIcrostructure\Microstrcutre 400\12\400x2.bmp
2026-03-31 20:10:51,690 - INFO - 
[48/72] Processing: C:\Users\HP\OneDrive\2026\Al Graphene\Sreearavind data\MIcrostructure\Microstrcutre 400\12\400x3.bmp
2026-03-31 20:10:51,692 - INFO - 
[49/72] Processing: C:\Users\HP\OneDrive\2026\Al Graphene\Sreearavind data\MIcrostructure\Microstrcutre 400\2\400x1.bmp
2026-03-31 20:10:51,694 - INFO - 
[50/72] Processing: C:\Users\HP\OneDrive\2026\Al Graphene\Sreearavind data\MIcrostructure\Microstrcutre 400\2\400x2.bmp
2026-03-31 20:10:51,695 - INFO - 
[51/72] Processing: C:\Users\HP\OneDrive\2026\Al Graphene\Sreearavind data\MIcrostructure\Microstrcutre 400\2\400x3.bmp
2026-03-31 20:10:51,697 - INFO - 
[52/72] Processing: C:\Users\HP\OneDrive\2026\Al Graphene\Sreearavind data\MIcrostructure\Microstrcutre 400\3\400x1.bmp
2026-03-31 20:10:51,698 - INFO - 
[53/72] Processing: C:\Users\HP\OneDrive\2026\Al Graphene\Sreearavind data\MIcrostructure\Microstrcutre 400\3\400x2.bmp
2026-03-31 20:10:51,700 - INFO - 
[54/72] Processing: C:\Users\HP\OneDrive\2026\Al Graphene\Sreearavind data\MIcrostructure\Microstrcutre 400\3\400x3.bmp
2026-03-31 20:10:51,701 - INFO - 
[55/72] Processing: C:\Users\HP\OneDrive\2026\Al Graphene\Sreearavind data\MIcrostructure\Microstrcutre 400\4\400x1.bmp
2026-03-31 20:10:51,703 - INFO - 
[56/72] Processing: C:\Users\HP\OneDrive\2026\Al Graphene\Sreearavind data\MIcrostructure\Microstrcutre 400\4\400x2.bmp
2026-03-31 20:10:51,704 - INFO - 
[57/72] Processing: C:\Users\HP\OneDrive\2026\Al Graphene\Sreearavind data\MIcrostructure\Microstrcutre 400\4\400x3.bmp
2026-03-31 20:10:51,705 - INFO - 
[58/72] Processing: C:\Users\HP\OneDrive\2026\Al Graphene\Sreearavind data\MIcrostructure\Microstrcutre 400\5\400x1.bmp
2026-03-31 20:10:51,707 - INFO - 
[59/72] Processing: C:\Users\HP\OneDrive\2026\Al Graphene\Sreearavind data\MIcrostructure\Microstrcutre 400\5\400x2.bmp
2026-03-31 20:10:51,708 - INFO - 
[60/72] Processing: C:\Users\HP\OneDrive\2026\Al Graphene\Sreearavind data\MIcrostructure\Microstrcutre 400\5\400x3.bmp
2026-03-31 20:10:51,710 - INFO - 
[61/72] Processing: C:\Users\HP\OneDrive\2026\Al Graphene\Sreearavind data\MIcrostructure\Microstrcutre 400\6\400x1.bmp
2026-03-31 20:10:51,711 - INFO - 
[62/72] Processing: C:\Users\HP\OneDrive\2026\Al Graphene\Sreearavind data\MIcrostructure\Microstrcutre 400\6\400x2.bmp
2026-03-31 20:10:51,713 - INFO - 
[63/72] Processing: C:\Users\HP\OneDrive\2026\Al Graphene\Sreearavind data\MIcrostructure\Microstrcutre 400\6\400x3.bmp
2026-03-31 20:10:51,714 - INFO - 
[64/72] Processing: C:\Users\HP\OneDrive\2026\Al Graphene\Sreearavind data\MIcrostructure\Microstrcutre 400\7\400x1.bmp
2026-03-31 20:10:51,715 - INFO - 
[65/72] Processing: C:\Users\HP\OneDrive\2026\Al Graphene\Sreearavind data\MIcrostructure\Microstrcutre 400\7\400x2.bmp
2026-03-31 20:10:51,717 - INFO - 
[66/72] Processing: C:\Users\HP\OneDrive\2026\Al Graphene\Sreearavind data\MIcrostructure\Microstrcutre 400\7\400x3.bmp
2026-03-31 20:10:51,719 - INFO - 
[67/72] Processing: C:\Users\HP\OneDrive\2026\Al Graphene\Sreearavind data\MIcrostructure\Microstrcutre 400\8\400x1.bmp
2026-03-31 20:10:51,720 - INFO - 
[68/72] Processing: C:\Users\HP\OneDrive\2026\Al Graphene\Sreearavind data\MIcrostructure\Microstrcutre 400\8\400x2.bmp
2026-03-31 20:10:51,722 - INFO - 
[69/72] Processing: C:\Users\HP\OneDrive\2026\Al Graphene\Sreearavind data\MIcrostructure\Microstrcutre 400\8\400x3.bmp
2026-03-31 20:10:51,723 - INFO - 
[70/72] Processing: C:\Users\HP\OneDrive\2026\Al Graphene\Sreearavind data\MIcrostructure\Microstrcutre 400\9\400x1.bmp
2026-03-31 20:10:51,724 - INFO - 
[71/72] Processing: C:\Users\HP\OneDrive\2026\Al Graphene\Sreearavind data\MIcrostructure\Microstrcutre 400\9\400x2.bmp
2026-03-31 20:10:51,726 - INFO - 
[72/72] Processing: C:\Users\HP\OneDrive\2026\Al Graphene\Sreearavind data\MIcrostructure\Microstrcutre 400\9\400x3.bmp
2026-03-31 20:10:51,727 - INFO - 
======================================================================
2026-03-31 20:10:51,727 - INFO - CONVERSION SUMMARY
2026-03-31 20:10:51,727 - INFO - ======================================================================
2026-03-31 20:10:51,727 - INFO - Total files found: 72
2026-03-31 20:10:51,728 - INFO - Successfully converted: 6
2026-03-31 20:10:51,728 - INFO - Failed: 0
2026-03-31 20:10:51,728 - INFO - Skipped (already exist): 66
2026-03-31 20:10:51,728 - INFO - Output directory: C:\Users\HP\PycharmProjects\Microstructure\Optical microstructure
2026-03-31 20:10:51,731 - WARNING - Could not save statistics: dict contains fields not in fieldnames: 'reason'
2026-03-31 20:11:55,653 - INFO - ======================================================================
2026-03-31 20:11:55,653 - INFO - BATCH BMP TO TIFF CONVERTER
2026-03-31 20:11:55,653 - INFO - ======================================================================
2026-03-31 20:11:55,653 - INFO - Input paths: C:\Users\HP\OneDrive\2026\Al Graphene\Sreearavind data\MIcrostructure\Microstrcutre 200
2026-03-31 20:11:55,654 - INFO - Output directory: C:\Users\HP\PycharmProjects\Microstructure\Optical microstructure
2026-03-31 20:11:55,654 - INFO - Preserve structure: True
2026-03-31 20:11:55,654 - INFO - Recursive search: True
2026-03-31 20:11:55,655 - INFO - Compression: tiff_lzw
2026-03-31 20:11:55,655 - INFO - DPI: 300
2026-03-31 20:11:55,656 - INFO - ----------------------------------------------------------------------
2026-03-31 20:11:55,679 - INFO - Found 36 BMP file(s) to convert
2026-03-31 20:11:55,679 - INFO - 
[1/36] Processing: C:\Users\HP\OneDrive\2026\Al Graphene\Sreearavind data\MIcrostructure\Microstrcutre 200\1\200x1.bmp
2026-03-31 20:11:56,160 - INFO - 
[2/36] Processing: C:\Users\HP\OneDrive\2026\Al Graphene\Sreearavind data\MIcrostructure\Microstrcutre 200\1\200x2.bmp
2026-03-31 20:11:56,279 - INFO - 
[3/36] Processing: C:\Users\HP\OneDrive\2026\Al Graphene\Sreearavind data\MIcrostructure\Microstrcutre 200\1\200x3.bmp
2026-03-31 20:11:56,456 - INFO - 
[4/36] Processing: C:\Users\HP\OneDrive\2026\Al Graphene\Sreearavind data\MIcrostructure\Microstrcutre 200\10\200x1.bmp
2026-03-31 20:11:56,679 - INFO - 
[5/36] Processing: C:\Users\HP\OneDrive\2026\Al Graphene\Sreearavind data\MIcrostructure\Microstrcutre 200\10\200x2.bmp
2026-03-31 20:11:57,037 - INFO - 
[6/36] Processing: C:\Users\HP\OneDrive\2026\Al Graphene\Sreearavind data\MIcrostructure\Microstrcutre 200\10\200x3.bmp
2026-03-31 20:11:57,357 - INFO - 
[7/36] Processing: C:\Users\HP\OneDrive\2026\Al Graphene\Sreearavind data\MIcrostructure\Microstrcutre 200\11\200x1.bmp
2026-03-31 20:11:57,641 - INFO - 
[8/36] Processing: C:\Users\HP\OneDrive\2026\Al Graphene\Sreearavind data\MIcrostructure\Microstrcutre 200\11\200x2.bmp
2026-03-31 20:11:58,206 - INFO - 
[9/36] Processing: C:\Users\HP\OneDrive\2026\Al Graphene\Sreearavind data\MIcrostructure\Microstrcutre 200\11\200x3.bmp
2026-03-31 20:11:58,705 - INFO - 
[10/36] Processing: C:\Users\HP\OneDrive\2026\Al Graphene\Sreearavind data\MIcrostructure\Microstrcutre 200\12\200x1.bmp
2026-03-31 20:11:59,010 - INFO - 
[11/36] Processing: C:\Users\HP\OneDrive\2026\Al Graphene\Sreearavind data\MIcrostructure\Microstrcutre 200\12\200x2.bmp
2026-03-31 20:11:59,698 - INFO - 
[12/36] Processing: C:\Users\HP\OneDrive\2026\Al Graphene\Sreearavind data\MIcrostructure\Microstrcutre 200\12\200x3.bmp
2026-03-31 20:11:59,952 - INFO - 
[13/36] Processing: C:\Users\HP\OneDrive\2026\Al Graphene\Sreearavind data\MIcrostructure\Microstrcutre 200\2\200x1.bmp
2026-03-31 20:12:00,200 - INFO - 
[14/36] Processing: C:\Users\HP\OneDrive\2026\Al Graphene\Sreearavind data\MIcrostructure\Microstrcutre 200\2\200x2.bmp
2026-03-31 20:12:00,433 - INFO - 
[15/36] Processing: C:\Users\HP\OneDrive\2026\Al Graphene\Sreearavind data\MIcrostructure\Microstrcutre 200\2\200x3.bmp
2026-03-31 20:12:01,285 - INFO - 
[16/36] Processing: C:\Users\HP\OneDrive\2026\Al Graphene\Sreearavind data\MIcrostructure\Microstrcutre 200\3\200x1.bmp
2026-03-31 20:12:01,576 - INFO - 
[17/36] Processing: C:\Users\HP\OneDrive\2026\Al Graphene\Sreearavind data\MIcrostructure\Microstrcutre 200\3\200x2.bmp
2026-03-31 20:12:01,842 - INFO - 
[18/36] Processing: C:\Users\HP\OneDrive\2026\Al Graphene\Sreearavind data\MIcrostructure\Microstrcutre 200\3\200x3.bmp
2026-03-31 20:12:02,542 - INFO - 
[19/36] Processing: C:\Users\HP\OneDrive\2026\Al Graphene\Sreearavind data\MIcrostructure\Microstrcutre 200\4\200x1.bmp
2026-03-31 20:12:03,076 - INFO - 
[20/36] Processing: C:\Users\HP\OneDrive\2026\Al Graphene\Sreearavind data\MIcrostructure\Microstrcutre 200\4\200x2.bmp
2026-03-31 20:12:03,687 - INFO - 
[21/36] Processing: C:\Users\HP\OneDrive\2026\Al Graphene\Sreearavind data\MIcrostructure\Microstrcutre 200\4\200x3.bmp
2026-03-31 20:12:04,208 - INFO - 
[22/36] Processing: C:\Users\HP\OneDrive\2026\Al Graphene\Sreearavind data\MIcrostructure\Microstrcutre 200\5\200x1.bmp
2026-03-31 20:12:04,446 - INFO - 
[23/36] Processing: C:\Users\HP\OneDrive\2026\Al Graphene\Sreearavind data\MIcrostructure\Microstrcutre 200\5\200x2.bmp
2026-03-31 20:12:05,250 - INFO - 
[24/36] Processing: C:\Users\HP\OneDrive\2026\Al Graphene\Sreearavind data\MIcrostructure\Microstrcutre 200\5\200x3.bmp
2026-03-31 20:12:05,658 - INFO - 
[25/36] Processing: C:\Users\HP\OneDrive\2026\Al Graphene\Sreearavind data\MIcrostructure\Microstrcutre 200\6\200x1.bmp
2026-03-31 20:12:06,276 - INFO - 
[26/36] Processing: C:\Users\HP\OneDrive\2026\Al Graphene\Sreearavind data\MIcrostructure\Microstrcutre 200\6\200x2.bmp
2026-03-31 20:12:06,806 - INFO - 
[27/36] Processing: C:\Users\HP\OneDrive\2026\Al Graphene\Sreearavind data\MIcrostructure\Microstrcutre 200\6\200x3.bmp
2026-03-31 20:12:07,020 - INFO - 
[28/36] Processing: C:\Users\HP\OneDrive\2026\Al Graphene\Sreearavind data\MIcrostructure\Microstrcutre 200\7\200x1.bmp
2026-03-31 20:12:07,477 - INFO - 
[29/36] Processing: C:\Users\HP\OneDrive\2026\Al Graphene\Sreearavind data\MIcrostructure\Microstrcutre 200\7\200x2.bmp
2026-03-31 20:12:07,975 - INFO - 
[30/36] Processing: C:\Users\HP\OneDrive\2026\Al Graphene\Sreearavind data\MIcrostructure\Microstrcutre 200\7\200x3.bmp
2026-03-31 20:12:08,487 - INFO - 
[31/36] Processing: C:\Users\HP\OneDrive\2026\Al Graphene\Sreearavind data\MIcrostructure\Microstrcutre 200\8\200x1.bmp
2026-03-31 20:12:08,915 - INFO - 
[32/36] Processing: C:\Users\HP\OneDrive\2026\Al Graphene\Sreearavind data\MIcrostructure\Microstrcutre 200\8\200x2.bmp
2026-03-31 20:12:09,257 - INFO - 
[33/36] Processing: C:\Users\HP\OneDrive\2026\Al Graphene\Sreearavind data\MIcrostructure\Microstrcutre 200\8\200x3.bmp
2026-03-31 20:12:09,870 - INFO - 
[34/36] Processing: C:\Users\HP\OneDrive\2026\Al Graphene\Sreearavind data\MIcrostructure\Microstrcutre 200\9\200x1.bmp
2026-03-31 20:12:10,681 - INFO - 
[35/36] Processing: C:\Users\HP\OneDrive\2026\Al Graphene\Sreearavind data\MIcrostructure\Microstrcutre 200\9\200x2.bmp
2026-03-31 20:12:11,103 - INFO - 
[36/36] Processing: C:\Users\HP\OneDrive\2026\Al Graphene\Sreearavind data\MIcrostructure\Microstrcutre 200\9\200x3.bmp
2026-03-31 20:12:11,418 - INFO - 
======================================================================
2026-03-31 20:12:11,419 - INFO - CONVERSION SUMMARY
2026-03-31 20:12:11,419 - INFO - ======================================================================
2026-03-31 20:12:11,421 - INFO - Total files found: 36
2026-03-31 20:12:11,422 - INFO - Successfully converted: 36
2026-03-31 20:12:11,422 - INFO - Failed: 0
2026-03-31 20:12:11,422 - INFO - Skipped (already exist): 0
2026-03-31 20:12:11,422 - INFO - Output directory: C:\Users\HP\PycharmProjects\Microstructure\Optical microstructure
2026-03-31 20:12:11,428 - INFO - Statistics saved to: C:\Users\HP\PycharmProjects\Microstructure\Optical microstructure\conversion_statistics.csv
2026-03-31 20:13:56,246 - INFO - ======================================================================
2026-03-31 20:13:56,246 - INFO - BATCH BMP TO TIFF CONVERTER
2026-03-31 20:13:56,247 - INFO - ======================================================================
2026-03-31 20:13:56,247 - INFO - Input paths: C:\Users\HP\OneDrive\2026\Al Graphene\Sreearavind data\MIcrostructure\Microstrcutre 400
2026-03-31 20:13:56,248 - INFO - Output directory: C:\Users\HP\PycharmProjects\Microstructure\Optical microstructure
2026-03-31 20:13:56,249 - INFO - Preserve structure: True
2026-03-31 20:13:56,250 - INFO - Recursive search: True
2026-03-31 20:13:56,250 - INFO - Compression: tiff_lzw
2026-03-31 20:13:56,250 - INFO - DPI: 300
2026-03-31 20:13:56,250 - INFO - ----------------------------------------------------------------------
2026-03-31 20:13:56,273 - INFO - Found 36 BMP file(s) to convert
2026-03-31 20:13:56,274 - INFO - 
[1/36] Processing: C:\Users\HP\OneDrive\2026\Al Graphene\Sreearavind data\MIcrostructure\Microstrcutre 400\1\400x1.bmp
2026-03-31 20:13:56,588 - INFO - 
[2/36] Processing: C:\Users\HP\OneDrive\2026\Al Graphene\Sreearavind data\MIcrostructure\Microstrcutre 400\1\400x2.bmp
2026-03-31 20:13:56,715 - INFO - 
[3/36] Processing: C:\Users\HP\OneDrive\2026\Al Graphene\Sreearavind data\MIcrostructure\Microstrcutre 400\1\400x3.bmp
2026-03-31 20:13:56,854 - INFO - 
[4/36] Processing: C:\Users\HP\OneDrive\2026\Al Graphene\Sreearavind data\MIcrostructure\Microstrcutre 400\10\400x1.bmp
2026-03-31 20:13:57,099 - INFO - 
[5/36] Processing: C:\Users\HP\OneDrive\2026\Al Graphene\Sreearavind data\MIcrostructure\Microstrcutre 400\10\400x2.bmp
2026-03-31 20:13:57,476 - INFO - 
[6/36] Processing: C:\Users\HP\OneDrive\2026\Al Graphene\Sreearavind data\MIcrostructure\Microstrcutre 400\10\400x3.bmp
2026-03-31 20:13:57,862 - INFO - 
[7/36] Processing: C:\Users\HP\OneDrive\2026\Al Graphene\Sreearavind data\MIcrostructure\Microstrcutre 400\11\400x1.bmp
2026-03-31 20:13:59,638 - INFO - 
[8/36] Processing: C:\Users\HP\OneDrive\2026\Al Graphene\Sreearavind data\MIcrostructure\Microstrcutre 400\11\400x2.bmp
2026-03-31 20:14:00,879 - INFO - 
[9/36] Processing: C:\Users\HP\OneDrive\2026\Al Graphene\Sreearavind data\MIcrostructure\Microstrcutre 400\11\400x3.bmp
2026-03-31 20:14:01,714 - INFO - 
[10/36] Processing: C:\Users\HP\OneDrive\2026\Al Graphene\Sreearavind data\MIcrostructure\Microstrcutre 400\12\400x1.bmp
2026-03-31 20:14:02,737 - INFO - 
[11/36] Processing: C:\Users\HP\OneDrive\2026\Al Graphene\Sreearavind data\MIcrostructure\Microstrcutre 400\12\400x2.bmp
2026-03-31 20:14:05,849 - INFO - 
[12/36] Processing: C:\Users\HP\OneDrive\2026\Al Graphene\Sreearavind data\MIcrostructure\Microstrcutre 400\12\400x3.bmp
2026-03-31 20:14:06,474 - INFO - 
[13/36] Processing: C:\Users\HP\OneDrive\2026\Al Graphene\Sreearavind data\MIcrostructure\Microstrcutre 400\2\400x1.bmp
2026-03-31 20:14:07,543 - INFO - 
[14/36] Processing: C:\Users\HP\OneDrive\2026\Al Graphene\Sreearavind data\MIcrostructure\Microstrcutre 400\2\400x2.bmp
2026-03-31 20:14:08,218 - INFO - 
[15/36] Processing: C:\Users\HP\OneDrive\2026\Al Graphene\Sreearavind data\MIcrostructure\Microstrcutre 400\2\400x3.bmp
2026-03-31 20:14:08,745 - INFO - 
[16/36] Processing: C:\Users\HP\OneDrive\2026\Al Graphene\Sreearavind data\MIcrostructure\Microstrcutre 400\3\400x1.bmp
2026-03-31 20:14:09,351 - INFO - 
[17/36] Processing: C:\Users\HP\OneDrive\2026\Al Graphene\Sreearavind data\MIcrostructure\Microstrcutre 400\3\400x2.bmp
2026-03-31 20:14:10,055 - INFO - 
[18/36] Processing: C:\Users\HP\OneDrive\2026\Al Graphene\Sreearavind data\MIcrostructure\Microstrcutre 400\3\400x3.bmp
2026-03-31 20:14:12,633 - INFO - 
[19/36] Processing: C:\Users\HP\OneDrive\2026\Al Graphene\Sreearavind data\MIcrostructure\Microstrcutre 400\4\400x1.bmp
2026-03-31 20:14:13,620 - INFO - 
[20/36] Processing: C:\Users\HP\OneDrive\2026\Al Graphene\Sreearavind data\MIcrostructure\Microstrcutre 400\4\400x2.bmp
2026-03-31 20:14:14,572 - INFO - 
[21/36] Processing: C:\Users\HP\OneDrive\2026\Al Graphene\Sreearavind data\MIcrostructure\Microstrcutre 400\4\400x3.bmp
2026-03-31 20:14:15,938 - INFO - 
[22/36] Processing: C:\Users\HP\OneDrive\2026\Al Graphene\Sreearavind data\MIcrostructure\Microstrcutre 400\5\400x1.bmp
2026-03-31 20:14:17,712 - INFO - 
[23/36] Processing: C:\Users\HP\OneDrive\2026\Al Graphene\Sreearavind data\MIcrostructure\Microstrcutre 400\5\400x2.bmp
2026-03-31 20:14:18,378 - INFO - 
[24/36] Processing: C:\Users\HP\OneDrive\2026\Al Graphene\Sreearavind data\MIcrostructure\Microstrcutre 400\5\400x3.bmp
2026-03-31 20:14:19,337 - INFO - 
[25/36] Processing: C:\Users\HP\OneDrive\2026\Al Graphene\Sreearavind data\MIcrostructure\Microstrcutre 400\6\400x1.bmp
2026-03-31 20:14:20,192 - INFO - 
[26/36] Processing: C:\Users\HP\OneDrive\2026\Al Graphene\Sreearavind data\MIcrostructure\Microstrcutre 400\6\400x2.bmp
2026-03-31 20:14:21,193 - INFO - 
[27/36] Processing: C:\Users\HP\OneDrive\2026\Al Graphene\Sreearavind data\MIcrostructure\Microstrcutre 400\6\400x3.bmp
2026-03-31 20:14:22,104 - INFO - 
[28/36] Processing: C:\Users\HP\OneDrive\2026\Al Graphene\Sreearavind data\MIcrostructure\Microstrcutre 400\7\400x1.bmp
2026-03-31 20:14:22,996 - INFO - 
[29/36] Processing: C:\Users\HP\OneDrive\2026\Al Graphene\Sreearavind data\MIcrostructure\Microstrcutre 400\7\400x2.bmp
2026-03-31 20:14:23,421 - INFO - 
[30/36] Processing: C:\Users\HP\OneDrive\2026\Al Graphene\Sreearavind data\MIcrostructure\Microstrcutre 400\7\400x3.bmp
2026-03-31 20:14:23,792 - INFO - 
[31/36] Processing: C:\Users\HP\OneDrive\2026\Al Graphene\Sreearavind data\MIcrostructure\Microstrcutre 400\8\400x1.bmp
2026-03-31 20:14:25,981 - INFO - 
[32/36] Processing: C:\Users\HP\OneDrive\2026\Al Graphene\Sreearavind data\MIcrostructure\Microstrcutre 400\8\400x2.bmp
2026-03-31 20:14:26,340 - INFO - 
[33/36] Processing: C:\Users\HP\OneDrive\2026\Al Graphene\Sreearavind data\MIcrostructure\Microstrcutre 400\8\400x3.bmp
2026-03-31 20:14:26,608 - INFO - 
[34/36] Processing: C:\Users\HP\OneDrive\2026\Al Graphene\Sreearavind data\MIcrostructure\Microstrcutre 400\9\400x1.bmp
2026-03-31 20:14:30,109 - INFO - 
[35/36] Processing: C:\Users\HP\OneDrive\2026\Al Graphene\Sreearavind data\MIcrostructure\Microstrcutre 400\9\400x2.bmp
2026-03-31 20:14:30,797 - INFO - 
[36/36] Processing: C:\Users\HP\OneDrive\2026\Al Graphene\Sreearavind data\MIcrostructure\Microstrcutre 400\9\400x3.bmp
2026-03-31 20:14:31,288 - INFO - 
======================================================================
2026-03-31 20:14:31,288 - INFO - CONVERSION SUMMARY
2026-03-31 20:14:31,288 - INFO - ======================================================================
2026-03-31 20:14:31,288 - INFO - Total files found: 36
2026-03-31 20:14:31,289 - INFO - Successfully converted: 33
2026-03-31 20:14:31,289 - INFO - Failed: 3
2026-03-31 20:14:31,289 - INFO - Skipped (already exist): 0
2026-03-31 20:14:31,289 - INFO - Output directory: C:\Users\HP\PycharmProjects\Microstructure\Optical microstructure
2026-03-31 20:14:31,299 - INFO - Statistics saved to: C:\Users\HP\PycharmProjects\Microstructure\Optical microstructure\conversion_statistics.csv
2026-03-31 20:16:34,442 - INFO - ======================================================================
2026-03-31 20:16:34,443 - INFO - BATCH BMP TO TIFF CONVERTER
2026-03-31 20:16:34,443 - INFO - ======================================================================
2026-03-31 20:16:34,803 - INFO - Input paths: C:\Users\HP\OneDrive\2026\Al Graphene\Sreearavind data\MIcrostructure\Microstrcutre 400\8
2026-03-31 20:16:34,803 - INFO - Output directory: C:\Users\HP\PycharmProjects\Microstructure\Optical microstructure\400 x\8
2026-03-31 20:16:34,803 - INFO - Preserve structure: True
2026-03-31 20:16:34,804 - INFO - Recursive search: True
2026-03-31 20:16:34,804 - INFO - Compression: tiff_lzw
2026-03-31 20:16:34,804 - INFO - DPI: 300
2026-03-31 20:16:34,804 - INFO - ----------------------------------------------------------------------
2026-03-31 20:16:34,807 - INFO - Found 3 BMP file(s) to convert
2026-03-31 20:16:34,808 - INFO - 
[1/3] Processing: C:\Users\HP\OneDrive\2026\Al Graphene\Sreearavind data\MIcrostructure\Microstrcutre 400\8\400x1.bmp
2026-03-31 20:16:34,965 - INFO - 
[2/3] Processing: C:\Users\HP\OneDrive\2026\Al Graphene\Sreearavind data\MIcrostructure\Microstrcutre 400\8\400x2.bmp
2026-03-31 20:16:34,968 - INFO - 
[3/3] Processing: C:\Users\HP\OneDrive\2026\Al Graphene\Sreearavind data\MIcrostructure\Microstrcutre 400\8\400x3.bmp
2026-03-31 20:16:34,971 - INFO - 
======================================================================
2026-03-31 20:16:34,972 - INFO - CONVERSION SUMMARY
2026-03-31 20:16:34,972 - INFO - ======================================================================
2026-03-31 20:16:34,972 - INFO - Total files found: 3
2026-03-31 20:16:34,972 - INFO - Successfully converted: 0
2026-03-31 20:16:34,972 - INFO - Failed: 3
2026-03-31 20:16:34,972 - INFO - Skipped (already exist): 0
2026-03-31 20:16:34,972 - INFO - Output directory: C:\Users\HP\PycharmProjects\Microstructure\Optical microstructure\400 x\8
2026-03-31 20:16:34,977 - INFO - Statistics saved to: C:\Users\HP\PycharmProjects\Microstructure\Optical microstructure\400 x\8\conversion_statistics.csv
2026-03-31 20:18:58,166 - INFO - ======================================================================
2026-03-31 20:18:58,166 - INFO - BATCH BMP TO TIFF CONVERTER
2026-03-31 20:18:58,167 - INFO - ======================================================================
2026-03-31 20:18:58,167 - INFO - Input paths: C:\Users\HP\OneDrive\2026\Al Graphene\Sreearavind data\MIcrostructure\Microstrcutre 400\8
2026-03-31 20:18:58,167 - INFO - Output directory: C:\Users\HP\PycharmProjects\Microstructure\Optical microstructure\400 x\8
2026-03-31 20:18:58,168 - INFO - Preserve structure: True
2026-03-31 20:18:58,168 - INFO - Recursive search: True
2026-03-31 20:18:58,168 - INFO - Compression: tiff_lzw
2026-03-31 20:18:58,169 - INFO - DPI: 300
2026-03-31 20:18:58,169 - INFO - ----------------------------------------------------------------------
2026-03-31 20:18:58,174 - INFO - Found 3 BMP file(s) to convert
2026-03-31 20:18:58,174 - INFO - 
[1/3] Processing: C:\Users\HP\OneDrive\2026\Al Graphene\Sreearavind data\MIcrostructure\Microstrcutre 400\8\400x1.bmp
2026-03-31 20:18:58,500 - INFO - 
[2/3] Processing: C:\Users\HP\OneDrive\2026\Al Graphene\Sreearavind data\MIcrostructure\Microstrcutre 400\8\400x2.bmp
2026-03-31 20:18:58,650 - INFO - 
[3/3] Processing: C:\Users\HP\OneDrive\2026\Al Graphene\Sreearavind data\MIcrostructure\Microstrcutre 400\8\400x3.bmp
2026-03-31 20:18:58,827 - INFO - 
======================================================================
2026-03-31 20:18:58,827 - INFO - CONVERSION SUMMARY
2026-03-31 20:18:58,827 - INFO - ======================================================================
2026-03-31 20:18:58,827 - INFO - Total files found: 3
2026-03-31 20:18:58,827 - INFO - Successfully converted: 3
2026-03-31 20:18:58,827 - INFO - Failed: 0
2026-03-31 20:18:58,828 - INFO - Skipped (already exist): 0
2026-03-31 20:18:58,828 - INFO - Output directory: C:\Users\HP\PycharmProjects\Microstructure\Optical microstructure\400 x\8
2026-03-31 20:18:58,831 - INFO - Statistics saved to: C:\Users\HP\PycharmProjects\Microstructure\Optical microstructure\400 x\8\conversion_statistics.csv
